Using cpu device
---------------------------------
| rollout/           |          |
|    ep_len_mean     | 120      |
|    ep_rew_mean     | -29.9    |
| time/              |          |
|    fps             | 2496     |
|    iterations      | 1        |
|    time_elapsed    | 0        |
|    total_timesteps | 1024     |
---------------------------------
-----------------------------------------
| rollout/                |             |
|    ep_len_mean          | 120         |
|    ep_rew_mean          | -28.5       |
| time/                   |             |
|    fps                  | 2258        |
|    iterations           | 2           |
|    time_elapsed         | 0           |
|    total_timesteps      | 2048        |
| train/                  |             |
|    approx_kl            | 0.007743371 |
|    clip_fraction        | 0.0526      |
|    clip_range           | 0.2         |
|    entropy_loss         | -5.67       |
|    explained_variance   | -0.227      |
|    learning_rate        | 0.0003      |
|    loss                 | 2.93        |
|    n_updates            | 10          |
|    policy_gradient_loss | -0.00891    |
|    std                  | 0.997       |
|    value_loss           | 10.9        |
-----------------------------------------
-----------------------------------------
| rollout/                |             |
|    ep_len_mean          | 120         |
|    ep_rew_mean          | -26.7       |
| time/                   |             |
|    fps                  | 2184        |
|    iterations           | 3           |
|    time_elapsed         | 1           |
|    total_timesteps      | 3072        |
| train/                  |             |
|    approx_kl            | 0.011443416 |
|    clip_fraction        | 0.0626      |
|    clip_range           | 0.2         |
|    entropy_loss         | -5.66       |
|    explained_variance   | -0.493      |
|    learning_rate        | 0.0003      |
|    loss                 | 3.05        |
|    n_updates            | 20          |
|    policy_gradient_loss | -0.00803    |
|    std                  | 0.996       |
|    value_loss           | 8.12        |
-----------------------------------------
-----------------------------------------
| rollout/                |             |
|    ep_len_mean          | 120         |
|    ep_rew_mean          | -24.9       |
| time/                   |             |
|    fps                  | 2143        |
|    iterations           | 4           |
|    time_elapsed         | 1           |
|    total_timesteps      | 4096        |
| train/                  |             |
|    approx_kl            | 0.010745445 |
|    clip_fraction        | 0.0946      |
|    clip_range           | 0.2         |
|    entropy_loss         | -5.66       |
|    explained_variance   | -0.729      |
|    learning_rate        | 0.0003      |
|    loss                 | 2.08        |
|    n_updates            | 30          |
|    policy_gradient_loss | -0.0137     |
|    std                  | 0.994       |
|    value_loss           | 5.94        |
-----------------------------------------
-----------------------------------------
| rollout/                |             |
|    ep_len_mean          | 120         |
|    ep_rew_mean          | -23.5       |
| time/                   |             |
|    fps                  | 2055        |
|    iterations           | 5           |
|    time_elapsed         | 2           |
|    total_timesteps      | 5120        |
| train/                  |             |
|    approx_kl            | 0.008844713 |
|    clip_fraction        | 0.069       |
|    clip_range           | 0.2         |
|    entropy_loss         | -5.66       |
|    explained_variance   | -0.59       |
|    learning_rate        | 0.0003      |
|    loss                 | 1.23        |
|    n_updates            | 40          |
|    policy_gradient_loss | -0.0095     |
|    std                  | 1           |
|    value_loss           | 3.91        |
-----------------------------------------
------------------------------------------
| rollout/                |              |
|    ep_len_mean          | 120          |
|    ep_rew_mean          | -22.3        |
| time/                   |              |
|    fps                  | 2067         |
|    iterations           | 6            |
|    time_elapsed         | 2            |
|    total_timesteps      | 6144         |
| train/                  |              |
|    approx_kl            | 0.0071633914 |
|    clip_fraction        | 0.0653       |
|    clip_range           | 0.2          |
|    entropy_loss         | -5.68        |
|    explained_variance   | -0.000246    |
|    learning_rate        | 0.0003       |
|    loss                 | 1.07         |
|    n_updates            | 50           |
|    policy_gradient_loss | -0.00862     |
|    std                  | 1            |
|    value_loss           | 2.81         |
------------------------------------------
-----------------------------------------
| rollout/                |             |
|    ep_len_mean          | 120         |
|    ep_rew_mean          | -21.1       |
| time/                   |             |
|    fps                  | 2055        |
|    iterations           | 7           |
|    time_elapsed         | 3           |
|    total_timesteps      | 7168        |
| train/                  |             |
|    approx_kl            | 0.011507295 |
|    clip_fraction        | 0.115       |
|    clip_range           | 0.2         |
|    entropy_loss         | -5.67       |
|    explained_variance   | 0.346       |
|    learning_rate        | 0.0003      |
|    loss                 | 0.636       |
|    n_updates            | 60          |
|    policy_gradient_loss | -0.014      |
|    std                  | 0.993       |
|    value_loss           | 1.85        |
-----------------------------------------
------------------------------------------
| rollout/                |              |
|    ep_len_mean          | 120          |
|    ep_rew_mean          | -20.3        |
| time/                   |              |
|    fps                  | 2066         |
|    iterations           | 8            |
|    time_elapsed         | 3            |
|    total_timesteps      | 8192         |
| train/                  |              |
|    approx_kl            | 0.0068774233 |
|    clip_fraction        | 0.0811       |
|    clip_range           | 0.2          |
|    entropy_loss         | -5.64        |
|    explained_variance   | 0.653        |
|    learning_rate        | 0.0003       |
|    loss                 | 0.233        |
|    n_updates            | 70           |
|    policy_gradient_loss | -0.0107      |
|    std                  | 0.993        |
|    value_loss           | 0.866        |
------------------------------------------
-----------------------------------------
| rollout/                |             |
|    ep_len_mean          | 120         |
|    ep_rew_mean          | -19.6       |
| time/                   |             |
|    fps                  | 2064        |
|    iterations           | 9           |
|    time_elapsed         | 4           |
|    total_timesteps      | 9216        |
| train/                  |             |
|    approx_kl            | 0.007572186 |
|    clip_fraction        | 0.0811      |
|    clip_range           | 0.2         |
|    entropy_loss         | -5.64       |
|    explained_variance   | 0.762       |
|    learning_rate        | 0.0003      |
|    loss                 | 0.416       |
|    n_updates            | 80          |
|    policy_gradient_loss | -0.0149     |
|    std                  | 0.991       |
|    value_loss           | 0.988       |
-----------------------------------------
----------------------------------------
| rollout/                |            |
|    ep_len_mean          | 120        |
|    ep_rew_mean          | -18.7      |
| time/                   |            |
|    fps                  | 2061       |
|    iterations           | 10         |
|    time_elapsed         | 4          |
|    total_timesteps      | 10240      |
| train/                  |            |
|    approx_kl            | 0.01003566 |
|    clip_fraction        | 0.097      |
|    clip_range           | 0.2        |
|    entropy_loss         | -5.64      |
|    explained_variance   | 0.875      |
|    learning_rate        | 0.0003     |
|    loss                 | 0.145      |
|    n_updates            | 90         |
|    policy_gradient_loss | -0.0145    |
|    std                  | 0.989      |
|    value_loss           | 0.478      |
----------------------------------------
-----------------------------------------
| rollout/                |             |
|    ep_len_mean          | 120         |
|    ep_rew_mean          | -18.3       |
| time/                   |             |
|    fps                  | 2054        |
|    iterations           | 11          |
|    time_elapsed         | 5           |
|    total_timesteps      | 11264       |
| train/                  |             |
|    approx_kl            | 0.011775461 |
|    clip_fraction        | 0.0926      |
|    clip_range           | 0.2         |
|    entropy_loss         | -5.63       |
|    explained_variance   | 0.892       |
|    learning_rate        | 0.0003      |
|    loss                 | 0.0887      |
|    n_updates            | 100         |
|    policy_gradient_loss | -0.0146     |
|    std                  | 0.987       |
|    value_loss           | 0.357       |
-----------------------------------------
-----------------------------------------
| rollout/                |             |
|    ep_len_mean          | 120         |
|    ep_rew_mean          | -17.3       |
| time/                   |             |
|    fps                  | 2058        |
|    iterations           | 12          |
|    time_elapsed         | 5           |
|    total_timesteps      | 12288       |
| train/                  |             |
|    approx_kl            | 0.016177587 |
|    clip_fraction        | 0.219       |
|    clip_range           | 0.2         |
|    entropy_loss         | -5.62       |
|    explained_variance   | 0.821       |
|    learning_rate        | 0.0003      |
|    loss                 | 0.207       |
|    n_updates            | 110         |
|    policy_gradient_loss | -0.0207     |
|    std                  | 0.988       |
|    value_loss           | 0.466       |
-----------------------------------------
-----------------------------------------
| rollout/                |             |
|    ep_len_mean          | 120         |
|    ep_rew_mean          | -15.8       |
| time/                   |             |
|    fps                  | 2056        |
|    iterations           | 13          |
|    time_elapsed         | 6           |
|    total_timesteps      | 13312       |
| train/                  |             |
|    approx_kl            | 0.009845035 |
|    clip_fraction        | 0.0661      |
|    clip_range           | 0.2         |
|    entropy_loss         | -5.63       |
|    explained_variance   | 0.834       |
|    learning_rate        | 0.0003      |
|    loss                 | 0.0839      |
|    n_updates            | 120         |
|    policy_gradient_loss | -0.0139     |
|    std                  | 0.991       |
|    value_loss           | 0.281       |
-----------------------------------------
-----------------------------------------
| rollout/                |             |
|    ep_len_mean          | 120         |
|    ep_rew_mean          | -14.5       |
| time/                   |             |
|    fps                  | 2055        |
|    iterations           | 14          |
|    time_elapsed         | 6           |
|    total_timesteps      | 14336       |
| train/                  |             |
|    approx_kl            | 0.010161009 |
|    clip_fraction        | 0.104       |
|    clip_range           | 0.2         |
|    entropy_loss         | -5.64       |
|    explained_variance   | 0.862       |
|    learning_rate        | 0.0003      |
|    loss                 | 0.0878      |
|    n_updates            | 130         |
|    policy_gradient_loss | -0.00987    |
|    std                  | 0.991       |
|    value_loss           | 0.235       |
-----------------------------------------
-----------------------------------------
| rollout/                |             |
|    ep_len_mean          | 120         |
|    ep_rew_mean          | -13.4       |
| time/                   |             |
|    fps                  | 2055        |
|    iterations           | 15          |
|    time_elapsed         | 7           |
|    total_timesteps      | 15360       |
| train/                  |             |
|    approx_kl            | 0.012718154 |
|    clip_fraction        | 0.13        |
|    clip_range           | 0.2         |
|    entropy_loss         | -5.64       |
|    explained_variance   | 0.887       |
|    learning_rate        | 0.0003      |
|    loss                 | 0.0815      |
|    n_updates            | 140         |
|    policy_gradient_loss | -0.014      |
|    std                  | 0.99        |
|    value_loss           | 0.229       |
-----------------------------------------
-----------------------------------------
| rollout/                |             |
|    ep_len_mean          | 120         |
|    ep_rew_mean          | -12.5       |
| time/                   |             |
|    fps                  | 2053        |
|    iterations           | 16          |
|    time_elapsed         | 7           |
|    total_timesteps      | 16384       |
| train/                  |             |
|    approx_kl            | 0.007350751 |
|    clip_fraction        | 0.111       |
|    clip_range           | 0.2         |
|    entropy_loss         | -5.63       |
|    explained_variance   | 0.902       |
|    learning_rate        | 0.0003      |
|    loss                 | 0.0542      |
|    n_updates            | 150         |
|    policy_gradient_loss | -0.014      |
|    std                  | 0.986       |
|    value_loss           | 0.18        |
-----------------------------------------
------------------------------------------
| rollout/                |              |
|    ep_len_mean          | 120          |
|    ep_rew_mean          | -11.8        |
| time/                   |              |
|    fps                  | 2046         |
|    iterations           | 17           |
|    time_elapsed         | 8            |
|    total_timesteps      | 17408        |
| train/                  |              |
|    approx_kl            | 0.0058841514 |
|    clip_fraction        | 0.0683       |
|    clip_range           | 0.2          |
|    entropy_loss         | -5.61        |
|    explained_variance   | 0.895        |
|    learning_rate        | 0.0003       |
|    loss                 | 0.0665       |
|    n_updates            | 160          |
|    policy_gradient_loss | -0.00897     |
|    std                  | 0.984        |
|    value_loss           | 0.178        |
------------------------------------------
-----------------------------------------
| rollout/                |             |
|    ep_len_mean          | 120         |
|    ep_rew_mean          | -11.3       |
| time/                   |             |
|    fps                  | 2045        |
|    iterations           | 18          |
|    time_elapsed         | 9           |
|    total_timesteps      | 18432       |
| train/                  |             |
|    approx_kl            | 0.007865253 |
|    clip_fraction        | 0.0631      |
|    clip_range           | 0.2         |
|    entropy_loss         | -5.6        |
|    explained_variance   | 0.907       |
|    learning_rate        | 0.0003      |
|    loss                 | 0.0735      |
|    n_updates            | 170         |
|    policy_gradient_loss | -0.00736    |
|    std                  | 0.982       |
|    value_loss           | 0.149       |
-----------------------------------------
-----------------------------------------
| rollout/                |             |
|    ep_len_mean          | 120         |
|    ep_rew_mean          | -10.8       |
| time/                   |             |
|    fps                  | 2045        |
|    iterations           | 19          |
|    time_elapsed         | 9           |
|    total_timesteps      | 19456       |
| train/                  |             |
|    approx_kl            | 0.010074235 |
|    clip_fraction        | 0.108       |
|    clip_range           | 0.2         |
|    entropy_loss         | -5.6        |
|    explained_variance   | 0.911       |
|    learning_rate        | 0.0003      |
|    loss                 | 0.0708      |
|    n_updates            | 180         |
|    policy_gradient_loss | -0.0127     |
|    std                  | 0.979       |
|    value_loss           | 0.139       |
-----------------------------------------
----------------------------------------
| rollout/                |            |
|    ep_len_mean          | 120        |
|    ep_rew_mean          | -10.2      |
| time/                   |            |
|    fps                  | 2046       |
|    iterations           | 20         |
|    time_elapsed         | 10         |
|    total_timesteps      | 20480      |
| train/                  |            |
|    approx_kl            | 0.01226944 |
|    clip_fraction        | 0.158      |
|    clip_range           | 0.2        |
|    entropy_loss         | -5.59      |
|    explained_variance   | 0.839      |
|    learning_rate        | 0.0003     |
|    loss                 | 0.078      |
|    n_updates            | 190        |
|    policy_gradient_loss | -0.0154    |
|    std                  | 0.979      |
|    value_loss           | 0.212      |
----------------------------------------
------------------------------------------
| rollout/                |              |
|    ep_len_mean          | 120          |
|    ep_rew_mean          | -9.75        |
| time/                   |              |
|    fps                  | 2048         |
|    iterations           | 21           |
|    time_elapsed         | 10           |
|    total_timesteps      | 21504        |
| train/                  |              |
|    approx_kl            | 0.0071345964 |
|    clip_fraction        | 0.066        |
|    clip_range           | 0.2          |
|    entropy_loss         | -5.58        |
|    explained_variance   | 0.866        |
|    learning_rate        | 0.0003       |
|    loss                 | 0.0659       |
|    n_updates            | 200          |
|    policy_gradient_loss | -0.0126      |
|    std                  | 0.974        |
|    value_loss           | 0.15         |
------------------------------------------
-----------------------------------------
| rollout/                |             |
|    ep_len_mean          | 120         |
|    ep_rew_mean          | -9.37       |
| time/                   |             |
|    fps                  | 2046        |
|    iterations           | 22          |
|    time_elapsed         | 11          |
|    total_timesteps      | 22528       |
| train/                  |             |
|    approx_kl            | 0.012493559 |
|    clip_fraction        | 0.16        |
|    clip_range           | 0.2         |
|    entropy_loss         | -5.56       |
|    explained_variance   | 0.752       |
|    learning_rate        | 0.0003      |
|    loss                 | 0.0275      |
|    n_updates            | 210         |
|    policy_gradient_loss | -0.0145     |
|    std                  | 0.971       |
|    value_loss           | 0.158       |
-----------------------------------------
-----------------------------------------
| rollout/                |             |
|    ep_len_mean          | 120         |
|    ep_rew_mean          | -8.9        |
| time/                   |             |
|    fps                  | 2046        |
|    iterations           | 23          |
|    time_elapsed         | 11          |
|    total_timesteps      | 23552       |
| train/                  |             |
|    approx_kl            | 0.010493625 |
|    clip_fraction        | 0.0896      |
|    clip_range           | 0.2         |
|    entropy_loss         | -5.55       |
|    explained_variance   | 0.81        |
|    learning_rate        | 0.0003      |
|    loss                 | 0.0477      |
|    n_updates            | 220         |
|    policy_gradient_loss | -0.0154     |
|    std                  | 0.969       |
|    value_loss           | 0.159       |
-----------------------------------------
-----------------------------------------
| rollout/                |             |
|    ep_len_mean          | 120         |
|    ep_rew_mean          | -8.6        |
| time/                   |             |
|    fps                  | 2047        |
|    iterations           | 24          |
|    time_elapsed         | 12          |
|    total_timesteps      | 24576       |
| train/                  |             |
|    approx_kl            | 0.012005197 |
|    clip_fraction        | 0.113       |
|    clip_range           | 0.2         |
|    entropy_loss         | -5.54       |
|    explained_variance   | 0.888       |
|    learning_rate        | 0.0003      |
|    loss                 | 0.038       |
|    n_updates            | 230         |
|    policy_gradient_loss | -0.0101     |
|    std                  | 0.966       |
|    value_loss           | 0.0845      |
-----------------------------------------
-----------------------------------------
| rollout/                |             |
|    ep_len_mean          | 120         |
|    ep_rew_mean          | -8.21       |
| time/                   |             |
|    fps                  | 2045        |
|    iterations           | 25          |
|    time_elapsed         | 12          |
|    total_timesteps      | 25600       |
| train/                  |             |
|    approx_kl            | 0.011088153 |
|    clip_fraction        | 0.139       |
|    clip_range           | 0.2         |
|    entropy_loss         | -5.52       |
|    explained_variance   | 0.862       |
|    learning_rate        | 0.0003      |
|    loss                 | 0.0232      |
|    n_updates            | 240         |
|    policy_gradient_loss | -0.0174     |
|    std                  | 0.962       |
|    value_loss           | 0.0907      |
-----------------------------------------
-----------------------------------------
| rollout/                |             |
|    ep_len_mean          | 120         |
|    ep_rew_mean          | -7.84       |
| time/                   |             |
|    fps                  | 2046        |
|    iterations           | 26          |
|    time_elapsed         | 13          |
|    total_timesteps      | 26624       |
| train/                  |             |
|    approx_kl            | 0.008877004 |
|    clip_fraction        | 0.0855      |
|    clip_range           | 0.2         |
|    entropy_loss         | -5.51       |
|    explained_variance   | 0.919       |
|    learning_rate        | 0.0003      |
|    loss                 | 0.00973     |
|    n_updates            | 250         |
|    policy_gradient_loss | -0.0127     |
|    std                  | 0.958       |
|    value_loss           | 0.0599      |
-----------------------------------------
-----------------------------------------
| rollout/                |             |
|    ep_len_mean          | 120         |
|    ep_rew_mean          | -7.56       |
| time/                   |             |
|    fps                  | 2044        |
|    iterations           | 27          |
|    time_elapsed         | 13          |
|    total_timesteps      | 27648       |
| train/                  |             |
|    approx_kl            | 0.012176943 |
|    clip_fraction        | 0.11        |
|    clip_range           | 0.2         |
|    entropy_loss         | -5.48       |
|    explained_variance   | 0.845       |
|    learning_rate        | 0.0003      |
|    loss                 | -0.0143     |
|    n_updates            | 260         |
|    policy_gradient_loss | -0.0136     |
|    std                  | 0.948       |
|    value_loss           | 0.0516      |
-----------------------------------------
-----------------------------------------
| rollout/                |             |
|    ep_len_mean          | 120         |
|    ep_rew_mean          | -7.2        |
| time/                   |             |
|    fps                  | 2044        |
|    iterations           | 28          |
|    time_elapsed         | 14          |
|    total_timesteps      | 28672       |
| train/                  |             |
|    approx_kl            | 0.022634517 |
|    clip_fraction        | 0.24        |
|    clip_range           | 0.2         |
|    entropy_loss         | -5.45       |
|    explained_variance   | 0.743       |
|    learning_rate        | 0.0003      |
|    loss                 | 0.0141      |
|    n_updates            | 270         |
|    policy_gradient_loss | -0.0191     |
|    std                  | 0.945       |
|    value_loss           | 0.103       |
-----------------------------------------
-----------------------------------------
| rollout/                |             |
|    ep_len_mean          | 120         |
|    ep_rew_mean          | -6.91       |
| time/                   |             |
|    fps                  | 2042        |
|    iterations           | 29          |
|    time_elapsed         | 14          |
|    total_timesteps      | 29696       |
| train/                  |             |
|    approx_kl            | 0.013315108 |
|    clip_fraction        | 0.132       |
|    clip_range           | 0.2         |
|    entropy_loss         | -5.43       |
|    explained_variance   | 0.835       |
|    learning_rate        | 0.0003      |
|    loss                 | 0.00686     |
|    n_updates            | 280         |
|    policy_gradient_loss | -0.0145     |
|    std                  | 0.939       |
|    value_loss           | 0.0468      |
-----------------------------------------
-----------------------------------------
| rollout/                |             |
|    ep_len_mean          | 120         |
|    ep_rew_mean          | -6.55       |
| time/                   |             |
|    fps                  | 2042        |
|    iterations           | 30          |
|    time_elapsed         | 15          |
|    total_timesteps      | 30720       |
| train/                  |             |
|    approx_kl            | 0.011822585 |
|    clip_fraction        | 0.152       |
|    clip_range           | 0.2         |
|    entropy_loss         | -5.41       |
|    explained_variance   | 0.809       |
|    learning_rate        | 0.0003      |
|    loss                 | 0.00148     |
|    n_updates            | 290         |
|    policy_gradient_loss | -0.014      |
|    std                  | 0.935       |
|    value_loss           | 0.0446      |
-----------------------------------------
-----------------------------------------
| rollout/                |             |
|    ep_len_mean          | 120         |
|    ep_rew_mean          | -6.28       |
| time/                   |             |
|    fps                  | 2039        |
|    iterations           | 31          |
|    time_elapsed         | 15          |
|    total_timesteps      | 31744       |
| train/                  |             |
|    approx_kl            | 0.008018135 |
|    clip_fraction        | 0.0574      |
|    clip_range           | 0.2         |
|    entropy_loss         | -5.38       |
|    explained_variance   | 0.856       |
|    learning_rate        | 0.0003      |
|    loss                 | 0.00407     |
|    n_updates            | 300         |
|    policy_gradient_loss | -0.00876    |
|    std                  | 0.927       |
|    value_loss           | 0.0332      |
-----------------------------------------
------------------------------------------
| rollout/                |              |
|    ep_len_mean          | 120          |
|    ep_rew_mean          | -5.98        |
| time/                   |              |
|    fps                  | 2037         |
|    iterations           | 32           |
|    time_elapsed         | 16           |
|    total_timesteps      | 32768        |
| train/                  |              |
|    approx_kl            | 0.0098351315 |
|    clip_fraction        | 0.101        |
|    clip_range           | 0.2          |
|    entropy_loss         | -5.35        |
|    explained_variance   | 0.864        |
|    learning_rate        | 0.0003       |
|    loss                 | -0.0139      |
|    n_updates            | 310          |
|    policy_gradient_loss | -0.0141      |
|    std                  | 0.919        |
|    value_loss           | 0.0347       |
------------------------------------------
-----------------------------------------
| rollout/                |             |
|    ep_len_mean          | 120         |
|    ep_rew_mean          | -5.76       |
| time/                   |             |
|    fps                  | 2036        |
|    iterations           | 33          |
|    time_elapsed         | 16          |
|    total_timesteps      | 33792       |
| train/                  |             |
|    approx_kl            | 0.010184883 |
|    clip_fraction        | 0.089       |
|    clip_range           | 0.2         |
|    entropy_loss         | -5.31       |
|    explained_variance   | 0.877       |
|    learning_rate        | 0.0003      |
|    loss                 | -0.0149     |
|    n_updates            | 320         |
|    policy_gradient_loss | -0.0111     |
|    std                  | 0.912       |
|    value_loss           | 0.0309      |
-----------------------------------------
-----------------------------------------
| rollout/                |             |
|    ep_len_mean          | 120         |
|    ep_rew_mean          | -5.5        |
| time/                   |             |
|    fps                  | 2034        |
|    iterations           | 34          |
|    time_elapsed         | 17          |
|    total_timesteps      | 34816       |
| train/                  |             |
|    approx_kl            | 0.010053498 |
|    clip_fraction        | 0.166       |
|    clip_range           | 0.2         |
|    entropy_loss         | -5.29       |
|    explained_variance   | 0.837       |
|    learning_rate        | 0.0003      |
|    loss                 | -0.00275    |
|    n_updates            | 330         |
|    policy_gradient_loss | -0.0161     |
|    std                  | 0.909       |
|    value_loss           | 0.0282      |
-----------------------------------------
-----------------------------------------
| rollout/                |             |
|    ep_len_mean          | 120         |
|    ep_rew_mean          | -5.3        |
| time/                   |             |
|    fps                  | 2026        |
|    iterations           | 35          |
|    time_elapsed         | 17          |
|    total_timesteps      | 35840       |
| train/                  |             |
|    approx_kl            | 0.009231851 |
|    clip_fraction        | 0.0954      |
|    clip_range           | 0.2         |
|    entropy_loss         | -5.27       |
|    explained_variance   | 0.88        |
|    learning_rate        | 0.0003      |
|    loss                 | -0.00709    |
|    n_updates            | 340         |
|    policy_gradient_loss | -0.00895    |
|    std                  | 0.904       |
|    value_loss           | 0.0196      |
-----------------------------------------
-----------------------------------------
| rollout/                |             |
|    ep_len_mean          | 120         |
|    ep_rew_mean          | -5.06       |
| time/                   |             |
|    fps                  | 2025        |
|    iterations           | 36          |
|    time_elapsed         | 18          |
|    total_timesteps      | 36864       |
| train/                  |             |
|    approx_kl            | 0.010359541 |
|    clip_fraction        | 0.111       |
|    clip_range           | 0.2         |
|    entropy_loss         | -5.24       |
|    explained_variance   | 0.873       |
|    learning_rate        | 0.0003      |
|    loss                 | -0.0156     |
|    n_updates            | 350         |
|    policy_gradient_loss | -0.0125     |
|    std                  | 0.897       |
|    value_loss           | 0.0191      |
-----------------------------------------
------------------------------------------
| rollout/                |              |
|    ep_len_mean          | 120          |
|    ep_rew_mean          | -4.93        |
| time/                   |              |
|    fps                  | 2018         |
|    iterations           | 37           |
|    time_elapsed         | 18           |
|    total_timesteps      | 37888        |
| train/                  |              |
|    approx_kl            | 0.0072702128 |
|    clip_fraction        | 0.0444       |
|    clip_range           | 0.2          |
|    entropy_loss         | -5.21        |
|    explained_variance   | 0.895        |
|    learning_rate        | 0.0003       |
|    loss                 | -0.00627     |
|    n_updates            | 360          |
|    policy_gradient_loss | -0.00787     |
|    std                  | 0.889        |
|    value_loss           | 0.0187       |
------------------------------------------
----------------------------------------
| rollout/                |            |
|    ep_len_mean          | 120        |
|    ep_rew_mean          | -4.82      |
| time/                   |            |
|    fps                  | 2019       |
|    iterations           | 38         |
|    time_elapsed         | 19         |
|    total_timesteps      | 38912      |
| train/                  |            |
|    approx_kl            | 0.01457782 |
|    clip_fraction        | 0.168      |
|    clip_range           | 0.2        |
|    entropy_loss         | -5.18      |
|    explained_variance   | 0.86       |
|    learning_rate        | 0.0003     |
|    loss                 | -0.0131    |
|    n_updates            | 370        |
|    policy_gradient_loss | -0.0161    |
|    std                  | 0.885      |
|    value_loss           | 0.0231     |
----------------------------------------
-----------------------------------------
| rollout/                |             |
|    ep_len_mean          | 120         |
|    ep_rew_mean          | -4.61       |
| time/                   |             |
|    fps                  | 2018        |
|    iterations           | 39          |
|    time_elapsed         | 19          |
|    total_timesteps      | 39936       |
| train/                  |             |
|    approx_kl            | 0.010210607 |
|    clip_fraction        | 0.0972      |
|    clip_range           | 0.2         |
|    entropy_loss         | -5.17       |
|    explained_variance   | 0.905       |
|    learning_rate        | 0.0003      |
|    loss                 | -0.0151     |
|    n_updates            | 380         |
|    policy_gradient_loss | -0.0145     |
|    std                  | 0.886       |
|    value_loss           | 0.0156      |
-----------------------------------------
-----------------------------------------
| rollout/                |             |
|    ep_len_mean          | 120         |
|    ep_rew_mean          | -4.51       |
| time/                   |             |
|    fps                  | 2020        |
|    iterations           | 40          |
|    time_elapsed         | 20          |
|    total_timesteps      | 40960       |
| train/                  |             |
|    approx_kl            | 0.008408465 |
|    clip_fraction        | 0.0698      |
|    clip_range           | 0.2         |
|    entropy_loss         | -5.17       |
|    explained_variance   | 0.904       |
|    learning_rate        | 0.0003      |
|    loss                 | -0.00876    |
|    n_updates            | 390         |
|    policy_gradient_loss | -0.0109     |
|    std                  | 0.881       |
|    value_loss           | 0.0145      |
-----------------------------------------
-----------------------------------------
| rollout/                |             |
|    ep_len_mean          | 120         |
|    ep_rew_mean          | -4.39       |
| time/                   |             |
|    fps                  | 2016        |
|    iterations           | 41          |
|    time_elapsed         | 20          |
|    total_timesteps      | 41984       |
| train/                  |             |
|    approx_kl            | 0.007949067 |
|    clip_fraction        | 0.0627      |
|    clip_range           | 0.2         |
|    entropy_loss         | -5.14       |
|    explained_variance   | 0.908       |
|    learning_rate        | 0.0003      |
|    loss                 | 0.00747     |
|    n_updates            | 400         |
|    policy_gradient_loss | -0.00822    |
|    std                  | 0.878       |
|    value_loss           | 0.0145      |
-----------------------------------------
----------------------------------------
| rollout/                |            |
|    ep_len_mean          | 120        |
|    ep_rew_mean          | -4.3       |
| time/                   |            |
|    fps                  | 2019       |
|    iterations           | 42         |
|    time_elapsed         | 21         |
|    total_timesteps      | 43008      |
| train/                  |            |
|    approx_kl            | 0.00962959 |
|    clip_fraction        | 0.139      |
|    clip_range           | 0.2        |
|    entropy_loss         | -5.13      |
|    explained_variance   | 0.895      |
|    learning_rate        | 0.0003     |
|    loss                 | -0.0187    |
|    n_updates            | 410        |
|    policy_gradient_loss | -0.0172    |
|    std                  | 0.878      |
|    value_loss           | 0.0127     |
----------------------------------------
----------------------------------------
| rollout/                |            |
|    ep_len_mean          | 120        |
|    ep_rew_mean          | -4.22      |
| time/                   |            |
|    fps                  | 2019       |
|    iterations           | 43         |
|    time_elapsed         | 21         |
|    total_timesteps      | 44032      |
| train/                  |            |
|    approx_kl            | 0.01352325 |
|    clip_fraction        | 0.148      |
|    clip_range           | 0.2        |
|    entropy_loss         | -5.13      |
|    explained_variance   | 0.908      |
|    learning_rate        | 0.0003     |
|    loss                 | -0.0181    |
|    n_updates            | 420        |
|    policy_gradient_loss | -0.0172    |
|    std                  | 0.874      |
|    value_loss           | 0.0119     |
----------------------------------------
-----------------------------------------
| rollout/                |             |
|    ep_len_mean          | 120         |
|    ep_rew_mean          | -4.14       |
| time/                   |             |
|    fps                  | 2020        |
|    iterations           | 44          |
|    time_elapsed         | 22          |
|    total_timesteps      | 45056       |
| train/                  |             |
|    approx_kl            | 0.011209425 |
|    clip_fraction        | 0.0868      |
|    clip_range           | 0.2         |
|    entropy_loss         | -5.11       |
|    explained_variance   | 0.909       |
|    learning_rate        | 0.0003      |
|    loss                 | -0.0149     |
|    n_updates            | 430         |
|    policy_gradient_loss | -0.01       |
|    std                  | 0.871       |
|    value_loss           | 0.0122      |
-----------------------------------------
-----------------------------------------
| rollout/                |             |
|    ep_len_mean          | 120         |
|    ep_rew_mean          | -4.06       |
| time/                   |             |
|    fps                  | 2021        |
|    iterations           | 45          |
|    time_elapsed         | 22          |
|    total_timesteps      | 46080       |
| train/                  |             |
|    approx_kl            | 0.011187688 |
|    clip_fraction        | 0.123       |
|    clip_range           | 0.2         |
|    entropy_loss         | -5.1        |
|    explained_variance   | 0.909       |
|    learning_rate        | 0.0003      |
|    loss                 | -0.000803   |
|    n_updates            | 440         |
|    policy_gradient_loss | -0.00896    |
|    std                  | 0.869       |
|    value_loss           | 0.0113      |
-----------------------------------------
-----------------------------------------
| rollout/                |             |
|    ep_len_mean          | 120         |
|    ep_rew_mean          | -4.02       |
| time/                   |             |
|    fps                  | 2021        |
|    iterations           | 46          |
|    time_elapsed         | 23          |
|    total_timesteps      | 47104       |
| train/                  |             |
|    approx_kl            | 0.008111834 |
|    clip_fraction        | 0.0777      |
|    clip_range           | 0.2         |
|    entropy_loss         | -5.08       |
|    explained_variance   | 0.91        |
|    learning_rate        | 0.0003      |
|    loss                 | -0.00325    |
|    n_updates            | 450         |
|    policy_gradient_loss | -0.0119     |
|    std                  | 0.865       |
|    value_loss           | 0.0115      |
-----------------------------------------
-----------------------------------------
| rollout/                |             |
|    ep_len_mean          | 120         |
|    ep_rew_mean          | -3.99       |
| time/                   |             |
|    fps                  | 2022        |
|    iterations           | 47          |
|    time_elapsed         | 23          |
|    total_timesteps      | 48128       |
| train/                  |             |
|    approx_kl            | 0.008432619 |
|    clip_fraction        | 0.113       |
|    clip_range           | 0.2         |
|    entropy_loss         | -5.06       |
|    explained_variance   | 0.916       |
|    learning_rate        | 0.0003      |
|    loss                 | -0.0059     |
|    n_updates            | 460         |
|    policy_gradient_loss | -0.0174     |
|    std                  | 0.862       |
|    value_loss           | 0.0117      |
-----------------------------------------
-----------------------------------------
| rollout/                |             |
|    ep_len_mean          | 120         |
|    ep_rew_mean          | -3.95       |
| time/                   |             |
|    fps                  | 2023        |
|    iterations           | 48          |
|    time_elapsed         | 24          |
|    total_timesteps      | 49152       |
| train/                  |             |
|    approx_kl            | 0.008224269 |
|    clip_fraction        | 0.14        |
|    clip_range           | 0.2         |
|    entropy_loss         | -5.05       |
|    explained_variance   | 0.885       |
|    learning_rate        | 0.0003      |
|    loss                 | -0.0137     |
|    n_updates            | 470         |
|    policy_gradient_loss | -0.0125     |
|    std                  | 0.859       |
|    value_loss           | 0.0158      |
-----------------------------------------
-----------------------------------------
| rollout/                |             |
|    ep_len_mean          | 120         |
|    ep_rew_mean          | -3.89       |
| time/                   |             |
|    fps                  | 2023        |
|    iterations           | 49          |
|    time_elapsed         | 24          |
|    total_timesteps      | 50176       |
| train/                  |             |
|    approx_kl            | 0.009440276 |
|    clip_fraction        | 0.0895      |
|    clip_range           | 0.2         |
|    entropy_loss         | -5.04       |
|    explained_variance   | 0.866       |
|    learning_rate        | 0.0003      |
|    loss                 | 0.000668    |
|    n_updates            | 480         |
|    policy_gradient_loss | -0.0121     |
|    std                  | 0.857       |
|    value_loss           | 0.0171      |
-----------------------------------------
------------------------------------------
| rollout/                |              |
|    ep_len_mean          | 120          |
|    ep_rew_mean          | -3.86        |
| time/                   |              |
|    fps                  | 2023         |
|    iterations           | 50           |
|    time_elapsed         | 25           |
|    total_timesteps      | 51200        |
| train/                  |              |
|    approx_kl            | 0.0073470906 |
|    clip_fraction        | 0.0778       |
|    clip_range           | 0.2          |
|    entropy_loss         | -5.02        |
|    explained_variance   | 0.922        |
|    learning_rate        | 0.0003       |
|    loss                 | -0.0172      |
|    n_updates            | 490          |
|    policy_gradient_loss | -0.00865     |
|    std                  | 0.854        |
|    value_loss           | 0.0106       |
------------------------------------------
-----------------------------------------
| rollout/                |             |
|    ep_len_mean          | 120         |
|    ep_rew_mean          | -3.81       |
| time/                   |             |
|    fps                  | 2023        |
|    iterations           | 51          |
|    time_elapsed         | 25          |
|    total_timesteps      | 52224       |
| train/                  |             |
|    approx_kl            | 0.012741927 |
|    clip_fraction        | 0.118       |
|    clip_range           | 0.2         |
|    entropy_loss         | -5.01       |
|    explained_variance   | 0.908       |
|    learning_rate        | 0.0003      |
|    loss                 | -0.0113     |
|    n_updates            | 500         |
|    policy_gradient_loss | -0.0108     |
|    std                  | 0.852       |
|    value_loss           | 0.00904     |
-----------------------------------------
-----------------------------------------
| rollout/                |             |
|    ep_len_mean          | 120         |
|    ep_rew_mean          | -3.76       |
| time/                   |             |
|    fps                  | 2022        |
|    iterations           | 52          |
|    time_elapsed         | 26          |
|    total_timesteps      | 53248       |
| train/                  |             |
|    approx_kl            | 0.011307929 |
|    clip_fraction        | 0.0915      |
|    clip_range           | 0.2         |
|    entropy_loss         | -5          |
|    explained_variance   | 0.92        |
|    learning_rate        | 0.0003      |
|    loss                 | -0.0104     |
|    n_updates            | 510         |
|    policy_gradient_loss | -0.0128     |
|    std                  | 0.85        |
|    value_loss           | 0.0088      |
-----------------------------------------
-----------------------------------------
| rollout/                |             |
|    ep_len_mean          | 120         |
|    ep_rew_mean          | -3.75       |
| time/                   |             |
|    fps                  | 2022        |
|    iterations           | 53          |
|    time_elapsed         | 26          |
|    total_timesteps      | 54272       |
| train/                  |             |
|    approx_kl            | 0.014993754 |
|    clip_fraction        | 0.149       |
|    clip_range           | 0.2         |
|    entropy_loss         | -4.98       |
|    explained_variance   | 0.917       |
|    learning_rate        | 0.0003      |
|    loss                 | -0.00338    |
|    n_updates            | 520         |
|    policy_gradient_loss | -0.0165     |
|    std                  | 0.847       |
|    value_loss           | 0.00833     |
-----------------------------------------
-----------------------------------------
| rollout/                |             |
|    ep_len_mean          | 120         |
|    ep_rew_mean          | -3.71       |
| time/                   |             |
|    fps                  | 2021        |
|    iterations           | 54          |
|    time_elapsed         | 27          |
|    total_timesteps      | 55296       |
| train/                  |             |
|    approx_kl            | 0.014650269 |
|    clip_fraction        | 0.217       |
|    clip_range           | 0.2         |
|    entropy_loss         | -4.97       |
|    explained_variance   | 0.806       |
|    learning_rate        | 0.0003      |
|    loss                 | -0.0152     |
|    n_updates            | 530         |
|    policy_gradient_loss | -0.0212     |
|    std                  | 0.843       |
|    value_loss           | 0.0226      |
-----------------------------------------
-----------------------------------------
| rollout/                |             |
|    ep_len_mean          | 120         |
|    ep_rew_mean          | -3.66       |
| time/                   |             |
|    fps                  | 2021        |
|    iterations           | 55          |
|    time_elapsed         | 27          |
|    total_timesteps      | 56320       |
| train/                  |             |
|    approx_kl            | 0.004800012 |
|    clip_fraction        | 0.0813      |
|    clip_range           | 0.2         |
|    entropy_loss         | -4.95       |
|    explained_variance   | 0.929       |
|    learning_rate        | 0.0003      |
|    loss                 | -0.00794    |
|    n_updates            | 540         |
|    policy_gradient_loss | -0.00991    |
|    std                  | 0.841       |
|    value_loss           | 0.00671     |
-----------------------------------------
-----------------------------------------
| rollout/                |             |
|    ep_len_mean          | 120         |
|    ep_rew_mean          | -3.63       |
| time/                   |             |
|    fps                  | 2019        |
|    iterations           | 56          |
|    time_elapsed         | 28          |
|    total_timesteps      | 57344       |
| train/                  |             |
|    approx_kl            | 0.014259923 |
|    clip_fraction        | 0.181       |
|    clip_range           | 0.2         |
|    entropy_loss         | -4.94       |
|    explained_variance   | 0.93        |
|    learning_rate        | 0.0003      |
|    loss                 | -0.0147     |
|    n_updates            | 550         |
|    policy_gradient_loss | -0.0148     |
|    std                  | 0.838       |
|    value_loss           | 0.00735     |
-----------------------------------------
-----------------------------------------
| rollout/                |             |
|    ep_len_mean          | 120         |
|    ep_rew_mean          | -3.61       |
| time/                   |             |
|    fps                  | 2017        |
|    iterations           | 57          |
|    time_elapsed         | 28          |
|    total_timesteps      | 58368       |
| train/                  |             |
|    approx_kl            | 0.010676881 |
|    clip_fraction        | 0.102       |
|    clip_range           | 0.2         |
|    entropy_loss         | -4.92       |
|    explained_variance   | 0.918       |
|    learning_rate        | 0.0003      |
|    loss                 | -0.0321     |
|    n_updates            | 560         |
|    policy_gradient_loss | -0.0172     |
|    std                  | 0.832       |
|    value_loss           | 0.00829     |
-----------------------------------------
-----------------------------------------
| rollout/                |             |
|    ep_len_mean          | 120         |
|    ep_rew_mean          | -3.58       |
| time/                   |             |
|    fps                  | 2015        |
|    iterations           | 58          |
|    time_elapsed         | 29          |
|    total_timesteps      | 59392       |
| train/                  |             |
|    approx_kl            | 0.009828502 |
|    clip_fraction        | 0.139       |
|    clip_range           | 0.2         |
|    entropy_loss         | -4.89       |
|    explained_variance   | 0.925       |
|    learning_rate        | 0.0003      |
|    loss                 | -0.00326    |
|    n_updates            | 570         |
|    policy_gradient_loss | -0.0135     |
|    std                  | 0.827       |
|    value_loss           | 0.00864     |
-----------------------------------------
-----------------------------------------
| rollout/                |             |
|    ep_len_mean          | 120         |
|    ep_rew_mean          | -3.55       |
| time/                   |             |
|    fps                  | 2010        |
|    iterations           | 59          |
|    time_elapsed         | 30          |
|    total_timesteps      | 60416       |
| train/                  |             |
|    approx_kl            | 0.010623243 |
|    clip_fraction        | 0.13        |
|    clip_range           | 0.2         |
|    entropy_loss         | -4.87       |
|    explained_variance   | 0.914       |
|    learning_rate        | 0.0003      |
|    loss                 | -0.0136     |
|    n_updates            | 580         |
|    policy_gradient_loss | -0.0157     |
|    std                  | 0.822       |
|    value_loss           | 0.00925     |
-----------------------------------------
-----------------------------------------
| rollout/                |             |
|    ep_len_mean          | 120         |
|    ep_rew_mean          | -3.51       |
| time/                   |             |
|    fps                  | 2002        |
|    iterations           | 60          |
|    time_elapsed         | 30          |
|    total_timesteps      | 61440       |
| train/                  |             |
|    approx_kl            | 0.010921309 |
|    clip_fraction        | 0.107       |
|    clip_range           | 0.2         |
|    entropy_loss         | -4.85       |
|    explained_variance   | 0.924       |
|    learning_rate        | 0.0003      |
|    loss                 | -0.0138     |
|    n_updates            | 590         |
|    policy_gradient_loss | -0.00848    |
|    std                  | 0.821       |
|    value_loss           | 0.00792     |
-----------------------------------------
-----------------------------------------
| rollout/                |             |
|    ep_len_mean          | 120         |
|    ep_rew_mean          | -3.48       |
| time/                   |             |
|    fps                  | 2001        |
|    iterations           | 61          |
|    time_elapsed         | 31          |
|    total_timesteps      | 62464       |
| train/                  |             |
|    approx_kl            | 0.008588343 |
|    clip_fraction        | 0.0832      |
|    clip_range           | 0.2         |
|    entropy_loss         | -4.84       |
|    explained_variance   | 0.907       |
|    learning_rate        | 0.0003      |
|    loss                 | -0.0232     |
|    n_updates            | 600         |
|    policy_gradient_loss | -0.00976    |
|    std                  | 0.817       |
|    value_loss           | 0.00907     |
-----------------------------------------
-----------------------------------------
| rollout/                |             |
|    ep_len_mean          | 120         |
|    ep_rew_mean          | -3.46       |
| time/                   |             |
|    fps                  | 2000        |
|    iterations           | 62          |
|    time_elapsed         | 31          |
|    total_timesteps      | 63488       |
| train/                  |             |
|    approx_kl            | 0.012598366 |
|    clip_fraction        | 0.204       |
|    clip_range           | 0.2         |
|    entropy_loss         | -4.82       |
|    explained_variance   | 0.939       |
|    learning_rate        | 0.0003      |
|    loss                 | -0.0158     |
|    n_updates            | 610         |
|    policy_gradient_loss | -0.0197     |
|    std                  | 0.815       |
|    value_loss           | 0.00633     |
-----------------------------------------
-----------------------------------------
| rollout/                |             |
|    ep_len_mean          | 120         |
|    ep_rew_mean          | -3.44       |
| time/                   |             |
|    fps                  | 2000        |
|    iterations           | 63          |
|    time_elapsed         | 32          |
|    total_timesteps      | 64512       |
| train/                  |             |
|    approx_kl            | 0.010193686 |
|    clip_fraction        | 0.133       |
|    clip_range           | 0.2         |
|    entropy_loss         | -4.81       |
|    explained_variance   | 0.926       |
|    learning_rate        | 0.0003      |
|    loss                 | -0.00735    |
|    n_updates            | 620         |
|    policy_gradient_loss | -0.011      |
|    std                  | 0.811       |
|    value_loss           | 0.00764     |
-----------------------------------------
-----------------------------------------
| rollout/                |             |
|    ep_len_mean          | 120         |
|    ep_rew_mean          | -3.42       |
| time/                   |             |
|    fps                  | 2000        |
|    iterations           | 64          |
|    time_elapsed         | 32          |
|    total_timesteps      | 65536       |
| train/                  |             |
|    approx_kl            | 0.011267486 |
|    clip_fraction        | 0.12        |
|    clip_range           | 0.2         |
|    entropy_loss         | -4.79       |
|    explained_variance   | 0.916       |
|    learning_rate        | 0.0003      |
|    loss                 | -0.0129     |
|    n_updates            | 630         |
|    policy_gradient_loss | -0.0106     |
|    std                  | 0.808       |
|    value_loss           | 0.00718     |
-----------------------------------------
-----------------------------------------
| rollout/                |             |
|    ep_len_mean          | 120         |
|    ep_rew_mean          | -3.38       |
| time/                   |             |
|    fps                  | 2000        |
|    iterations           | 65          |
|    time_elapsed         | 33          |
|    total_timesteps      | 66560       |
| train/                  |             |
|    approx_kl            | 0.011068774 |
|    clip_fraction        | 0.179       |
|    clip_range           | 0.2         |
|    entropy_loss         | -4.77       |
|    explained_variance   | 0.931       |
|    learning_rate        | 0.0003      |
|    loss                 | -0.0121     |
|    n_updates            | 640         |
|    policy_gradient_loss | -0.016      |
|    std                  | 0.805       |
|    value_loss           | 0.00673     |
-----------------------------------------
-----------------------------------------
| rollout/                |             |
|    ep_len_mean          | 120         |
|    ep_rew_mean          | -3.36       |
| time/                   |             |
|    fps                  | 2000        |
|    iterations           | 66          |
|    time_elapsed         | 33          |
|    total_timesteps      | 67584       |
| train/                  |             |
|    approx_kl            | 0.010297276 |
|    clip_fraction        | 0.0677      |
|    clip_range           | 0.2         |
|    entropy_loss         | -4.76       |
|    explained_variance   | 0.92        |
|    learning_rate        | 0.0003      |
|    loss                 | -0.0126     |
|    n_updates            | 650         |
|    policy_gradient_loss | -0.013      |
|    std                  | 0.803       |
|    value_loss           | 0.00757     |
-----------------------------------------
-----------------------------------------
| rollout/                |             |
|    ep_len_mean          | 120         |
|    ep_rew_mean          | -3.34       |
| time/                   |             |
|    fps                  | 2001        |
|    iterations           | 67          |
|    time_elapsed         | 34          |
|    total_timesteps      | 68608       |
| train/                  |             |
|    approx_kl            | 0.008817114 |
|    clip_fraction        | 0.0749      |
|    clip_range           | 0.2         |
|    entropy_loss         | -4.75       |
|    explained_variance   | 0.939       |
|    learning_rate        | 0.0003      |
|    loss                 | -0.0109     |
|    n_updates            | 660         |
|    policy_gradient_loss | -0.0101     |
|    std                  | 0.798       |
|    value_loss           | 0.00589     |
-----------------------------------------
-----------------------------------------
| rollout/                |             |
|    ep_len_mean          | 120         |
|    ep_rew_mean          | -3.33       |
| time/                   |             |
|    fps                  | 2001        |
|    iterations           | 68          |
|    time_elapsed         | 34          |
|    total_timesteps      | 69632       |
| train/                  |             |
|    approx_kl            | 0.008472354 |
|    clip_fraction        | 0.0642      |
|    clip_range           | 0.2         |
|    entropy_loss         | -4.72       |
|    explained_variance   | 0.937       |
|    learning_rate        | 0.0003      |
|    loss                 | -0.0112     |
|    n_updates            | 670         |
|    policy_gradient_loss | -0.0107     |
|    std                  | 0.794       |
|    value_loss           | 0.00566     |
-----------------------------------------
-----------------------------------------
| rollout/                |             |
|    ep_len_mean          | 120         |
|    ep_rew_mean          | -3.31       |
| time/                   |             |
|    fps                  | 2002        |
|    iterations           | 69          |
|    time_elapsed         | 35          |
|    total_timesteps      | 70656       |
| train/                  |             |
|    approx_kl            | 0.010986239 |
|    clip_fraction        | 0.135       |
|    clip_range           | 0.2         |
|    entropy_loss         | -4.7        |
|    explained_variance   | 0.92        |
|    learning_rate        | 0.0003      |
|    loss                 | -0.0185     |
|    n_updates            | 680         |
|    policy_gradient_loss | -0.0119     |
|    std                  | 0.791       |
|    value_loss           | 0.00721     |
-----------------------------------------
-----------------------------------------
| rollout/                |             |
|    ep_len_mean          | 120         |
|    ep_rew_mean          | -3.28       |
| time/                   |             |
|    fps                  | 2001        |
|    iterations           | 70          |
|    time_elapsed         | 35          |
|    total_timesteps      | 71680       |
| train/                  |             |
|    approx_kl            | 0.008484914 |
|    clip_fraction        | 0.107       |
|    clip_range           | 0.2         |
|    entropy_loss         | -4.68       |
|    explained_variance   | 0.926       |
|    learning_rate        | 0.0003      |
|    loss                 | -0.0137     |
|    n_updates            | 690         |
|    policy_gradient_loss | -0.0139     |
|    std                  | 0.79        |
|    value_loss           | 0.00625     |
-----------------------------------------
------------------------------------------
| rollout/                |              |
|    ep_len_mean          | 120          |
|    ep_rew_mean          | -3.28        |
| time/                   |              |
|    fps                  | 2000         |
|    iterations           | 71           |
|    time_elapsed         | 36           |
|    total_timesteps      | 72704        |
| train/                  |              |
|    approx_kl            | 0.0065375078 |
|    clip_fraction        | 0.076        |
|    clip_range           | 0.2          |
|    entropy_loss         | -4.67        |
|    explained_variance   | 0.947        |
|    learning_rate        | 0.0003       |
|    loss                 | -0.0117      |
|    n_updates            | 700          |
|    policy_gradient_loss | -0.0106      |
|    std                  | 0.785        |
|    value_loss           | 0.00501      |
------------------------------------------
-----------------------------------------
| rollout/                |             |
|    ep_len_mean          | 120         |
|    ep_rew_mean          | -3.25       |
| time/                   |             |
|    fps                  | 2000        |
|    iterations           | 72          |
|    time_elapsed         | 36          |
|    total_timesteps      | 73728       |
| train/                  |             |
|    approx_kl            | 0.007818697 |
|    clip_fraction        | 0.0931      |
|    clip_range           | 0.2         |
|    entropy_loss         | -4.64       |
|    explained_variance   | 0.929       |
|    learning_rate        | 0.0003      |
|    loss                 | -0.0166     |
|    n_updates            | 710         |
|    policy_gradient_loss | -0.00962    |
|    std                  | 0.782       |
|    value_loss           | 0.00651     |
-----------------------------------------
-----------------------------------------
| rollout/                |             |
|    ep_len_mean          | 120         |
|    ep_rew_mean          | -3.25       |
| time/                   |             |
|    fps                  | 2000        |
|    iterations           | 73          |
|    time_elapsed         | 37          |
|    total_timesteps      | 74752       |
| train/                  |             |
|    approx_kl            | 0.011492513 |
|    clip_fraction        | 0.137       |
|    clip_range           | 0.2         |
|    entropy_loss         | -4.63       |
|    explained_variance   | 0.932       |
|    learning_rate        | 0.0003      |
|    loss                 | -0.0211     |
|    n_updates            | 720         |
|    policy_gradient_loss | -0.0125     |
|    std                  | 0.779       |
|    value_loss           | 0.00657     |
-----------------------------------------
-----------------------------------------
| rollout/                |             |
|    ep_len_mean          | 120         |
|    ep_rew_mean          | -3.22       |
| time/                   |             |
|    fps                  | 2000        |
|    iterations           | 74          |
|    time_elapsed         | 37          |
|    total_timesteps      | 75776       |
| train/                  |             |
|    approx_kl            | 0.010342713 |
|    clip_fraction        | 0.197       |
|    clip_range           | 0.2         |
|    entropy_loss         | -4.61       |
|    explained_variance   | 0.882       |
|    learning_rate        | 0.0003      |
|    loss                 | -0.0134     |
|    n_updates            | 730         |
|    policy_gradient_loss | -0.0193     |
|    std                  | 0.777       |
|    value_loss           | 0.00927     |
-----------------------------------------
-----------------------------------------
| rollout/                |             |
|    ep_len_mean          | 120         |
|    ep_rew_mean          | -3.22       |
| time/                   |             |
|    fps                  | 2000        |
|    iterations           | 75          |
|    time_elapsed         | 38          |
|    total_timesteps      | 76800       |
| train/                  |             |
|    approx_kl            | 0.008263748 |
|    clip_fraction        | 0.131       |
|    clip_range           | 0.2         |
|    entropy_loss         | -4.6        |
|    explained_variance   | 0.932       |
|    learning_rate        | 0.0003      |
|    loss                 | -0.0176     |
|    n_updates            | 740         |
|    policy_gradient_loss | -0.0107     |
|    std                  | 0.774       |
|    value_loss           | 0.00582     |
-----------------------------------------
------------------------------------------
| rollout/                |              |
|    ep_len_mean          | 120          |
|    ep_rew_mean          | -3.21        |
| time/                   |              |
|    fps                  | 2000         |
|    iterations           | 76           |
|    time_elapsed         | 38           |
|    total_timesteps      | 77824        |
| train/                  |              |
|    approx_kl            | 0.0076995543 |
|    clip_fraction        | 0.0766       |
|    clip_range           | 0.2          |
|    entropy_loss         | -4.59        |
|    explained_variance   | 0.925        |
|    learning_rate        | 0.0003       |
|    loss                 | 0.00114      |
|    n_updates            | 750          |
|    policy_gradient_loss | -0.00864     |
|    std                  | 0.772        |
|    value_loss           | 0.00623      |
------------------------------------------
-----------------------------------------
| rollout/                |             |
|    ep_len_mean          | 120         |
|    ep_rew_mean          | -3.19       |
| time/                   |             |
|    fps                  | 2000        |
|    iterations           | 77          |
|    time_elapsed         | 39          |
|    total_timesteps      | 78848       |
| train/                  |             |
|    approx_kl            | 0.011961648 |
|    clip_fraction        | 0.198       |
|    clip_range           | 0.2         |
|    entropy_loss         | -4.57       |
|    explained_variance   | 0.94        |
|    learning_rate        | 0.0003      |
|    loss                 | -0.0298     |
|    n_updates            | 760         |
|    policy_gradient_loss | -0.0153     |
|    std                  | 0.769       |
|    value_loss           | 0.00528     |
-----------------------------------------
-----------------------------------------
| rollout/                |             |
|    ep_len_mean          | 120         |
|    ep_rew_mean          | -3.19       |
| time/                   |             |
|    fps                  | 2000        |
|    iterations           | 78          |
|    time_elapsed         | 39          |
|    total_timesteps      | 79872       |
| train/                  |             |
|    approx_kl            | 0.007491853 |
|    clip_fraction        | 0.0849      |
|    clip_range           | 0.2         |
|    entropy_loss         | -4.56       |
|    explained_variance   | 0.944       |
|    learning_rate        | 0.0003      |
|    loss                 | -0.0128     |
|    n_updates            | 770         |
|    policy_gradient_loss | -0.00941    |
|    std                  | 0.768       |
|    value_loss           | 0.00495     |
-----------------------------------------
------------------------------------------
| rollout/                |              |
|    ep_len_mean          | 120          |
|    ep_rew_mean          | -3.17        |
| time/                   |              |
|    fps                  | 2001         |
|    iterations           | 79           |
|    time_elapsed         | 40           |
|    total_timesteps      | 80896        |
| train/                  |              |
|    approx_kl            | 0.0073762713 |
|    clip_fraction        | 0.119        |
|    clip_range           | 0.2          |
|    entropy_loss         | -4.55        |
|    explained_variance   | 0.925        |
|    learning_rate        | 0.0003       |
|    loss                 | 0.00128      |
|    n_updates            | 780          |
|    policy_gradient_loss | -0.0118      |
|    std                  | 0.766        |
|    value_loss           | 0.00605      |
------------------------------------------
------------------------------------------
| rollout/                |              |
|    ep_len_mean          | 120          |
|    ep_rew_mean          | -3.15        |
| time/                   |              |
|    fps                  | 2001         |
|    iterations           | 80           |
|    time_elapsed         | 40           |
|    total_timesteps      | 81920        |
| train/                  |              |
|    approx_kl            | 0.0094308695 |
|    clip_fraction        | 0.115        |
|    clip_range           | 0.2          |
|    entropy_loss         | -4.54        |
|    explained_variance   | 0.95         |
|    learning_rate        | 0.0003       |
|    loss                 | -0.00305     |
|    n_updates            | 790          |
|    policy_gradient_loss | -0.0129      |
|    std                  | 0.766        |
|    value_loss           | 0.00436      |
------------------------------------------
-----------------------------------------
| rollout/                |             |
|    ep_len_mean          | 120         |
|    ep_rew_mean          | -3.15       |
| time/                   |             |
|    fps                  | 2001        |
|    iterations           | 81          |
|    time_elapsed         | 41          |
|    total_timesteps      | 82944       |
| train/                  |             |
|    approx_kl            | 0.012464068 |
|    clip_fraction        | 0.177       |
|    clip_range           | 0.2         |
|    entropy_loss         | -4.54       |
|    explained_variance   | 0.923       |
|    learning_rate        | 0.0003      |
|    loss                 | -0.0248     |
|    n_updates            | 800         |
|    policy_gradient_loss | -0.0178     |
|    std                  | 0.765       |
|    value_loss           | 0.00685     |
-----------------------------------------
-----------------------------------------
| rollout/                |             |
|    ep_len_mean          | 120         |
|    ep_rew_mean          | -3.15       |
| time/                   |             |
|    fps                  | 2001        |
|    iterations           | 82          |
|    time_elapsed         | 41          |
|    total_timesteps      | 83968       |
| train/                  |             |
|    approx_kl            | 0.013984377 |
|    clip_fraction        | 0.19        |
|    clip_range           | 0.2         |
|    entropy_loss         | -4.53       |
|    explained_variance   | 0.946       |
|    learning_rate        | 0.0003      |
|    loss                 | -0.0297     |
|    n_updates            | 810         |
|    policy_gradient_loss | -0.0184     |
|    std                  | 0.764       |
|    value_loss           | 0.00544     |
-----------------------------------------
----------------------------------------
| rollout/                |            |
|    ep_len_mean          | 120        |
|    ep_rew_mean          | -3.13      |
| time/                   |            |
|    fps                  | 2001       |
|    iterations           | 83         |
|    time_elapsed         | 42         |
|    total_timesteps      | 84992      |
| train/                  |            |
|    approx_kl            | 0.01470789 |
|    clip_fraction        | 0.225      |
|    clip_range           | 0.2        |
|    entropy_loss         | -4.52      |
|    explained_variance   | 0.884      |
|    learning_rate        | 0.0003     |
|    loss                 | -0.0232    |
|    n_updates            | 820        |
|    policy_gradient_loss | -0.0234    |
|    std                  | 0.762      |
|    value_loss           | 0.00969    |
----------------------------------------
-----------------------------------------
| rollout/                |             |
|    ep_len_mean          | 120         |
|    ep_rew_mean          | -3.12       |
| time/                   |             |
|    fps                  | 2001        |
|    iterations           | 84          |
|    time_elapsed         | 42          |
|    total_timesteps      | 86016       |
| train/                  |             |
|    approx_kl            | 0.008743268 |
|    clip_fraction        | 0.162       |
|    clip_range           | 0.2         |
|    entropy_loss         | -4.51       |
|    explained_variance   | 0.934       |
|    learning_rate        | 0.0003      |
|    loss                 | -0.00952    |
|    n_updates            | 830         |
|    policy_gradient_loss | -0.0182     |
|    std                  | 0.76        |
|    value_loss           | 0.00615     |
-----------------------------------------
------------------------------------------
| rollout/                |              |
|    ep_len_mean          | 120          |
|    ep_rew_mean          | -3.09        |
| time/                   |              |
|    fps                  | 2000         |
|    iterations           | 85           |
|    time_elapsed         | 43           |
|    total_timesteps      | 87040        |
| train/                  |              |
|    approx_kl            | 0.0066963965 |
|    clip_fraction        | 0.0515       |
|    clip_range           | 0.2          |
|    entropy_loss         | -4.5         |
|    explained_variance   | 0.947        |
|    learning_rate        | 0.0003       |
|    loss                 | -0.00628     |
|    n_updates            | 840          |
|    policy_gradient_loss | -0.00997     |
|    std                  | 0.76         |
|    value_loss           | 0.00454      |
------------------------------------------
-----------------------------------------
| rollout/                |             |
|    ep_len_mean          | 120         |
|    ep_rew_mean          | -3.07       |
| time/                   |             |
|    fps                  | 2001        |
|    iterations           | 86          |
|    time_elapsed         | 43          |
|    total_timesteps      | 88064       |
| train/                  |             |
|    approx_kl            | 0.010642871 |
|    clip_fraction        | 0.122       |
|    clip_range           | 0.2         |
|    entropy_loss         | -4.5        |
|    explained_variance   | 0.948       |
|    learning_rate        | 0.0003      |
|    loss                 | -0.0179     |
|    n_updates            | 850         |
|    policy_gradient_loss | -0.011      |
|    std                  | 0.757       |
|    value_loss           | 0.00554     |
-----------------------------------------
-----------------------------------------
| rollout/                |             |
|    ep_len_mean          | 120         |
|    ep_rew_mean          | -3.06       |
| time/                   |             |
|    fps                  | 2001        |
|    iterations           | 87          |
|    time_elapsed         | 44          |
|    total_timesteps      | 89088       |
| train/                  |             |
|    approx_kl            | 0.010445399 |
|    clip_fraction        | 0.131       |
|    clip_range           | 0.2         |
|    entropy_loss         | -4.48       |
|    explained_variance   | 0.956       |
|    learning_rate        | 0.0003      |
|    loss                 | -0.0365     |
|    n_updates            | 860         |
|    policy_gradient_loss | -0.0146     |
|    std                  | 0.754       |
|    value_loss           | 0.00423     |
-----------------------------------------
-----------------------------------------
| rollout/                |             |
|    ep_len_mean          | 120         |
|    ep_rew_mean          | -3.04       |
| time/                   |             |
|    fps                  | 2002        |
|    iterations           | 88          |
|    time_elapsed         | 45          |
|    total_timesteps      | 90112       |
| train/                  |             |
|    approx_kl            | 0.008295197 |
|    clip_fraction        | 0.145       |
|    clip_range           | 0.2         |
|    entropy_loss         | -4.46       |
|    explained_variance   | 0.958       |
|    learning_rate        | 0.0003      |
|    loss                 | -0.00458    |
|    n_updates            | 870         |
|    policy_gradient_loss | -0.0137     |
|    std                  | 0.753       |
|    value_loss           | 0.0044      |
-----------------------------------------
----------------------------------------
| rollout/                |            |
|    ep_len_mean          | 120        |
|    ep_rew_mean          | -3.03      |
| time/                   |            |
|    fps                  | 2002       |
|    iterations           | 89         |
|    time_elapsed         | 45         |
|    total_timesteps      | 91136      |
| train/                  |            |
|    approx_kl            | 0.00515463 |
|    clip_fraction        | 0.0675     |
|    clip_range           | 0.2        |
|    entropy_loss         | -4.45      |
|    explained_variance   | 0.953      |
|    learning_rate        | 0.0003     |
|    loss                 | -0.00763   |
|    n_updates            | 880        |
|    policy_gradient_loss | -0.00859   |
|    std                  | 0.749      |
|    value_loss           | 0.00386    |
----------------------------------------
------------------------------------------
| rollout/                |              |
|    ep_len_mean          | 120          |
|    ep_rew_mean          | -3.01        |
| time/                   |              |
|    fps                  | 2002         |
|    iterations           | 90           |
|    time_elapsed         | 46           |
|    total_timesteps      | 92160        |
| train/                  |              |
|    approx_kl            | 0.0067765005 |
|    clip_fraction        | 0.156        |
|    clip_range           | 0.2          |
|    entropy_loss         | -4.43        |
|    explained_variance   | 0.95         |
|    learning_rate        | 0.0003       |
|    loss                 | -0.0112      |
|    n_updates            | 890          |
|    policy_gradient_loss | -0.0129      |
|    std                  | 0.747        |
|    value_loss           | 0.00478      |
------------------------------------------
-----------------------------------------
| rollout/                |             |
|    ep_len_mean          | 120         |
|    ep_rew_mean          | -3          |
| time/                   |             |
|    fps                  | 2002        |
|    iterations           | 91          |
|    time_elapsed         | 46          |
|    total_timesteps      | 93184       |
| train/                  |             |
|    approx_kl            | 0.009395285 |
|    clip_fraction        | 0.151       |
|    clip_range           | 0.2         |
|    entropy_loss         | -4.42       |
|    explained_variance   | 0.96        |
|    learning_rate        | 0.0003      |
|    loss                 | -0.0277     |
|    n_updates            | 900         |
|    policy_gradient_loss | -0.0149     |
|    std                  | 0.745       |
|    value_loss           | 0.00359     |
-----------------------------------------
-----------------------------------------
| rollout/                |             |
|    ep_len_mean          | 120         |
|    ep_rew_mean          | -2.98       |
| time/                   |             |
|    fps                  | 2002        |
|    iterations           | 92          |
|    time_elapsed         | 47          |
|    total_timesteps      | 94208       |
| train/                  |             |
|    approx_kl            | 0.010262859 |
|    clip_fraction        | 0.106       |
|    clip_range           | 0.2         |
|    entropy_loss         | -4.41       |
|    explained_variance   | 0.95        |
|    learning_rate        | 0.0003      |
|    loss                 | -0.014      |
|    n_updates            | 910         |
|    policy_gradient_loss | -0.0121     |
|    std                  | 0.744       |
|    value_loss           | 0.00472     |
-----------------------------------------
-----------------------------------------
| rollout/                |             |
|    ep_len_mean          | 120         |
|    ep_rew_mean          | -2.96       |
| time/                   |             |
|    fps                  | 2002        |
|    iterations           | 93          |
|    time_elapsed         | 47          |
|    total_timesteps      | 95232       |
| train/                  |             |
|    approx_kl            | 0.010887243 |
|    clip_fraction        | 0.121       |
|    clip_range           | 0.2         |
|    entropy_loss         | -4.4        |
|    explained_variance   | 0.964       |
|    learning_rate        | 0.0003      |
|    loss                 | -0.0188     |
|    n_updates            | 920         |
|    policy_gradient_loss | -0.0148     |
|    std                  | 0.743       |
|    value_loss           | 0.00345     |
-----------------------------------------
-----------------------------------------
| rollout/                |             |
|    ep_len_mean          | 120         |
|    ep_rew_mean          | -2.93       |
| time/                   |             |
|    fps                  | 2002        |
|    iterations           | 94          |
|    time_elapsed         | 48          |
|    total_timesteps      | 96256       |
| train/                  |             |
|    approx_kl            | 0.006638459 |
|    clip_fraction        | 0.0872      |
|    clip_range           | 0.2         |
|    entropy_loss         | -4.39       |
|    explained_variance   | 0.958       |
|    learning_rate        | 0.0003      |
|    loss                 | -0.0023     |
|    n_updates            | 930         |
|    policy_gradient_loss | -0.00823    |
|    std                  | 0.739       |
|    value_loss           | 0.00379     |
-----------------------------------------
------------------------------------------
| rollout/                |              |
|    ep_len_mean          | 120          |
|    ep_rew_mean          | -2.91        |
| time/                   |              |
|    fps                  | 2001         |
|    iterations           | 95           |
|    time_elapsed         | 48           |
|    total_timesteps      | 97280        |
| train/                  |              |
|    approx_kl            | 0.0072849654 |
|    clip_fraction        | 0.0768       |
|    clip_range           | 0.2          |
|    entropy_loss         | -4.37        |
|    explained_variance   | 0.966        |
|    learning_rate        | 0.0003       |
|    loss                 | -0.00723     |
|    n_updates            | 940          |
|    policy_gradient_loss | -0.0109      |
|    std                  | 0.737        |
|    value_loss           | 0.00342      |
------------------------------------------
-----------------------------------------
| rollout/                |             |
|    ep_len_mean          | 120         |
|    ep_rew_mean          | -2.9        |
| time/                   |             |
|    fps                  | 2001        |
|    iterations           | 96          |
|    time_elapsed         | 49          |
|    total_timesteps      | 98304       |
| train/                  |             |
|    approx_kl            | 0.006588406 |
|    clip_fraction        | 0.0715      |
|    clip_range           | 0.2         |
|    entropy_loss         | -4.35       |
|    explained_variance   | 0.969       |
|    learning_rate        | 0.0003      |
|    loss                 | -0.0163     |
|    n_updates            | 950         |
|    policy_gradient_loss | -0.00907    |
|    std                  | 0.733       |
|    value_loss           | 0.0028      |
-----------------------------------------
-----------------------------------------
| rollout/                |             |
|    ep_len_mean          | 120         |
|    ep_rew_mean          | -2.89       |
| time/                   |             |
|    fps                  | 2001        |
|    iterations           | 97          |
|    time_elapsed         | 49          |
|    total_timesteps      | 99328       |
| train/                  |             |
|    approx_kl            | 0.008935907 |
|    clip_fraction        | 0.129       |
|    clip_range           | 0.2         |
|    entropy_loss         | -4.33       |
|    explained_variance   | 0.949       |
|    learning_rate        | 0.0003      |
|    loss                 | -0.0187     |
|    n_updates            | 960         |
|    policy_gradient_loss | -0.0141     |
|    std                  | 0.73        |
|    value_loss           | 0.00511     |
-----------------------------------------
-----------------------------------------
| rollout/                |             |
|    ep_len_mean          | 120         |
|    ep_rew_mean          | -2.88       |
| time/                   |             |
|    fps                  | 2002        |
|    iterations           | 98          |
|    time_elapsed         | 50          |
|    total_timesteps      | 100352      |
| train/                  |             |
|    approx_kl            | 0.009232016 |
|    clip_fraction        | 0.149       |
|    clip_range           | 0.2         |
|    entropy_loss         | -4.31       |
|    explained_variance   | 0.959       |
|    learning_rate        | 0.0003      |
|    loss                 | -0.0216     |
|    n_updates            | 970         |
|    policy_gradient_loss | -0.0152     |
|    std                  | 0.726       |
|    value_loss           | 0.00358     |
-----------------------------------------
/workspace/scratch/c5de7c05a0ba/process-control/experiments/train_ppo_stage_offset.py:189: UserWarning: This figure includes Axes that are not compatible with tight_layout, so results might be incorrect.
  fig.tight_layout(rect=[0, 0, 1, 0.97])
{
  "algorithm": "PPO",
  "timesteps": 100000,
  "eval_episodes": 30,
  "target": {
    "C1": 94.0,
    "C2": 92.0
  },
  "c2_start_offset_s": 10,
  "recycle_start_offset_s": 20,
  "horizon_s": 120,
  "mean_return": -2.633934076134352,
  "std_return": 0.0,
  "success_rate_final_tolerance_2": 1.0,
  "mean_final_C1": 94.03249479233267,
  "mean_final_C2": 91.64782497596086,
  "max_handoff_error": 0.0
}
